Version 2
// entity 0
{
"classname"				"worldspawn"
"call"					"map_marscity1::main"
"def_player"			"player"
"player_origin"			"41.6 24.4"
"game_add_point_delay"	"0"
"game_add_point_count"	"0"
"r_background_color"	"0"
// primitive 2
{
 brushDef3
 {
  ( 0 0 215 115 )
 }
}
}

{
"classname" "block"
"origin" "25 25"
}

{
"classname" "block"
"origin" "58 25"
}

{
"classname" "block"
"origin" "91 25"
}

{
"classname" "block"
"origin" "124 25"
}

{
"classname" "block"
"origin" "157 25"
}

{
"classname" "block"
"origin" "190 25"
}

{
"classname" "block"
"origin" "25 58"
}

{
"classname" "block"
"origin" "58 58"
}

{
"classname" "block"
"origin" "91 58"
}

{
"classname" "block"
"origin" "124 58"
}

{
"classname" "block"
"origin" "157 58"
}

{
"classname" "block"
"origin" "190 58"
}

{
"classname" "block"
"origin" "25 91"
}

{
"classname" "block"
"origin" "58 91"
}

{
"classname" "block"
"origin" "91 91"
}

{
"classname" "block"
"origin" "124 91"
}

{
"classname" "block"
"origin" "157 91"
}

{
"classname" "block"
"origin" "190 91"
}

{
"classname" "block"
"origin" "25 124"
}

{
"classname" "block"
"origin" "58 124"
}

{
"classname" "block"
"origin" "91 124"
}

{
"classname" "block"
"origin" "124 124"
}

{
"classname" "block"
"origin" "157 124"
}

{
"classname" "block"
"origin" "190 124"
}

{
"classname" "brick"
"origin" "41 41"
}

{
"classname" "brick"
"origin" "41 58"
}

{
"classname" "brick"
"origin" "41 75"
}

{
"classname" "brick"
"origin" "108 108"
}

{
"classname" "brick"
"origin" "125 108"
}

{
"classname" "brick"
"origin" "142 108"
}

{
"classname" "brick"
"origin" "108 75"
}

{
"classname" "brick"
"origin" "8 108"
}

{
"classname" "brick"
"origin" "142 8"
}

{
"classname" "brick"
"origin" "157 75"
}

{
"classname" "brick"
"origin" "174 75"
}

{
"classname" "brick"
"origin" "191 75"
}

{
"classname" "brick"
"origin" "208 75"
}

{
"classname" "brick"
"origin" "208 58"
}

{
"classname" "mushroom"
"name" "mushroom1"
"origin" "140 75"
"color" "1"
"linearVelocity" "0 10"
}

{
"classname" "mushroom"
"name" "mushroom2"
"origin" "9 40"
"color" "2"
"linearVelocity" "0 10"
}

{
"classname" "mushroom"
"name" "mushroom3"
"origin" "92 9"
"color" "3"
"linearVelocity" "10 0"
}