Version 2
// entity 0
{
"classname"				"worldspawn"
"call"					"map_marscity1::main"
"def_player"			"player"
"player_origin"			"28 8"
"game_add_point_delay"	"0"
"game_add_point_count"	"0"
"r_background_color"	"0"
// primitive 2
{
 brushDef3
 {
  ( 0 0 208 112 )
 }
}
}

{
"classname" "block"
"origin" "24 24"
}

{
"classname" "block"
"origin" "56 24"
}

{
"classname" "block"
"origin" "88 24"
}

{
"classname" "block"
"origin" "120 24"
}

{
"classname" "block"
"origin" "152 24"
}

{
"classname" "block"
"origin" "184 24"
}

{
"classname" "block"
"origin" "24 56"
}

{
"classname" "block"
"origin" "56 56"
}

{
"classname" "block"
"origin" "88 56"
}

{
"classname" "block"
"origin" "120 56"
}

{
"classname" "block"
"origin" "152 56"
}

{
"classname" "block"
"origin" "184 56"
}

{
"classname" "block"
"origin" "24 88"
}

{
"classname" "block"
"origin" "56 88"
}

{
"classname" "block"
"origin" "88 88"
}

{
"classname" "block"
"origin" "120 88"
}

{
"classname" "block"
"origin" "152 88"
}

{
"classname" "block"
"origin" "184 88"
}

{
"classname" "brick"
"origin" "40 40"
}

{
"classname" "brick"
"origin" "40 72"
}

{
"classname" "brick"
"origin" "72 72"
}

{
"classname" "brick"
"origin" "104 104"
}

{
"classname" "brick"
"origin" "136 104"
}

{
"classname" "brick"
"origin" "168 72"
}

{
"classname" "brick"
"origin" "8 104"
}

{
"classname" "brick"
"origin" "104 8"
}

{
"classname" "brick"
"origin" "136 72"
}

{
"classname" "brick"
"origin" "168 104"
}

{
"classname" "mushroom"
"name" "mushroom1"
"origin" "104 40"
"color" "1"
"linearVelocity" "0 10"
}

{
"classname" "turtle"
"name" "turtle1"
"origin" "8 40"
"color" "2"
"linearVelocity" "0 10"
}

{
"classname" "mushroom"
"name" "mushroom3"
"origin" "120 8"
"color" "3"
"linearVelocity" "10 0"
}