Version 2
// entity 0
{
"classname" "worldspawn"
"call" "map_marscity1::main"
"no_Weapons" "1"
"def_player" "player"
"player_origin" "34 14"
"game_add_point_delay" "0"
"game_add_point_count" "0"
// primitive 2
{
 brushDef3
 {
  ( 0 0 250 150 )
 }
}
}
/*
{
"classname" "block"
"origin" "34 34"
}

{
"classname" "block"
"origin" "84 34"
}

{
"classname" "block"
"origin" "134 34"
}

{
"classname" "block"
"origin" "184 34"
}

{
"classname" "block"
"origin" "234 34"
}

{
"classname" "block"
"origin" "34 84"
}

{
"classname" "block"
"origin" "84 84"
}

{
"classname" "block"
"origin" "134 84"
}

{
"classname" "block"
"origin" "184 84"
}

{
"classname" "block"
"origin" "234 84"
}

{
"classname" "block"
"origin" "34 134"
}

{
"classname" "block"
"origin" "84 134"
}

{
"classname" "block"
"origin" "134 134"
}

{
"classname" "block"
"origin" "184 134"
}

{
"classname" "block"
"origin" "234 134"
}

{
"classname" "brick"
"origin" "52 34"
}

{
"classname" "brick"
"origin" "52 50"
}

{
"classname" "brick"
"origin" "104 84"
}

{
"classname" "brick"
"origin" "104 100"
}

{
"classname" "brick"
"origin" "156 66"
}

{
"classname" "mushroom"
"name" "mushroom1"
"origin" "216 140"
"color" "1"
"linearVelocity" "0 10"
}

{
"classname" "turtle"
"name" "turtle1"
"origin" "160 92"
"linearVelocity" "0 10"
"color" "6"
}

{
"classname" "mushroom"
"name" "mushroom2"
"origin" "16 140"
"color" "2"
"linearVelocity" "0 10"
}

{
"classname" "mushroom"
"name" "mushroom3"
"origin" "92 10"
"color" "3"
"linearVelocity" "10 0"
}

{
"classname" "turtle"
"name" "turtle2"
"origin" "100 54"
"linearVelocity" "10 0"
"color" "6"
}
*/