Version 2
// entity 0
{
"classname"				"worldspawn"
"call"					"map_marscity1::main"
"def_player"			"player"
"player_origin"			"28 8"
"game_add_point_delay"	"0"
"game_add_point_count"	"0"
"r_background_color"	"9"
"random_spawn_entity_list" "mushroom,turtle,hedgehog,fish,dinosaur,dragon"
// primitive 2
{
 brushDef3
 {
  ( 0 0 2008 64 )
 }
}
}

{
"classname" "info_player_deathmatch"
"name" "info_player_deathmatch_1"
"origin" "28 8"
"initial" "1"
}

{
"classname" "info_player_deathmatch"
"name" "info_player_deathmatch_1"
"origin" "60 40"
"initial" "1"
}

{
"classname" "info_player_start"
"name" "info_player_start_1"
"origin" "28 48"
}

{
"classname" "brick"
"origin" "60 40"
}

{
"classname" "block"
"origin" "76 40"
}

{
"classname" "brick"
"origin" "92 40"
}

{
"classname" "block"
"origin" "108 40"
}

{
"classname" "brick"
"origin" "124 40"
}

{
"classname" "brick"
"origin" "160 56"
}

{
"classname" "brick"
"origin" "192 40"
}

{
"classname" "mushroom"
"name" "mushroom1"
"origin" "104 56"
"color" "1"
"linearVelocity" "10 0"
}

{
"classname" "turtle"
"name" "turtle1"
"origin" "220 50"
"color" "2"
"linearVelocity" "0 10"
}

{
"classname" "mushroom"
"name" "mushroom2"
"origin" "260 50"
"color" "2"
"linearVelocity" "0 10"
}
/*
{
"classname" "fish"
"name" "fish"
"origin" "154 88"
"color" "3"
"linearVelocity" "10 0"
}

{
"classname" "dinosaur"
"name" "dinosaur"
"origin" "72 104"
"color" "3"
"linearVelocity" "10 0"
}

{
"classname" "dragon"
"name" "dragon"
"origin" "154 40"
"color" "3"
"linearVelocity" "10 0"
}
*/