Version 2
// entity 0
{
"classname" "worldspawn"
"call" "map_marscity1::main"
"no_Weapons" "1"
"def_player" "player"
"player_origin" "136 100"
"game_add_point_delay" "0"
"game_add_point_count" "0"
// primitive 2
{
 brushDef3
 {
  ( 0 0 256 164 )
 }
}
}

{
"classname" "block"
"origin" "34 34"
}

{
"classname" "block"
"origin" "74 34"
}

{
"classname" "block"
"origin" "114 34"
}

{
"classname" "block"
"origin" "154 34"
}

{
"classname" "block"
"origin" "194 34"
}

{
"classname" "block"
"origin" "234 34"
}

{
"classname" "block"
"origin" "34 74"
}

{
"classname" "block"
"origin" "74 74"
}

{
"classname" "block"
"origin" "114 74"
}

{
"classname" "block"
"origin" "154 74"
}

{
"classname" "block"
"origin" "194 74"
}

{
"classname" "block"
"origin" "234 74"
}

{
"classname" "block"
"origin" "34 114"
}

{
"classname" "block"
"origin" "74 114"
}

{
"classname" "block"
"origin" "114 114"
}

{
"classname" "block"
"origin" "154 114"
}

{
"classname" "block"
"origin" "194 114"
}

{
"classname" "block"
"origin" "234 114"
}

{
"classname" "block"
"origin" "34 154"
}

{
"classname" "block"
"origin" "74 154"
}

{
"classname" "block"
"origin" "114 154"
}

{
"classname" "block"
"origin" "154 154"
}

{
"classname" "block"
"origin" "194 154"
}

{
"classname" "block"
"origin" "234 154"
}

{
"classname" "brick"
"origin" "54 34"
}

{
"classname" "brick"
"origin" "54 50"
}

{
"classname" "brick"
"origin" "94 84"
}

{
"classname" "brick"
"origin" "94 100"
}

{
"classname" "brick"
"origin" "136 136"
}

{
"classname" "mushroom"
"name" "mushroom1"
"origin" "216 140"
"color" "5"
"linearVelocity" "0 10"
}

{
"classname" "turtle"
"name" "turtle1"
"origin" "172 82"
"linearVelocity" "0 10"
"color" "6"
}

{
"classname" "mushroom"
"name" "mushroom1"
"origin" "16 140"
"color" "5"
"linearVelocity" "0 10"
}

{
"classname" "mushroom"
"name" "mushroom1"
"origin" "92 10"
"color" "5"
"linearVelocity" "10 0"
}

{
"classname" "turtle"
"name" "turtle1"
"origin" "100 54"
"linearVelocity" "10 0"
"color" "6"
}

{
"classname" "turtle"
"name" "turtle1"
"origin" "52 72"
"linearVelocity" "0 10"
"color" "6"
}